Archive member included to satisfy reference by file (symbol)

./libopencm3//lib/libopencm3_stm32f1.a(adc.o)
                              sources/adc.o (adc_power_on)
./libopencm3//lib/libopencm3_stm32f1.a(adc_common_v1.o)
                              sources/adc.o (adc_power_off)
./libopencm3//lib/libopencm3_stm32f1.a(gpio.o)
                              sources/gpio.o (gpio_set_mode)
./libopencm3//lib/libopencm3_stm32f1.a(rcc.o)
                              sources/rcc.o (rcc_clock_setup_in_hse_8mhz_out_72mhz)
./libopencm3//lib/libopencm3_stm32f1.a(gpio_common_all.o)
                              sources/gpio.o (gpio_set)
./libopencm3//lib/libopencm3_stm32f1.a(timer_common_all.o)
                              sources/timers.o (timer_enable_irq)
./libopencm3//lib/libopencm3_stm32f1.a(usart_common_all.o)
                              sources/usart.o (usart_set_baudrate)
./libopencm3//lib/libopencm3_stm32f1.a(usart_common_f124.o)
                              sources/usart.o (usart_send)
./libopencm3//lib/libopencm3_stm32f1.a(rcc_common_all.o)
                              sources/gpio.o (rcc_periph_clock_enable)
./libopencm3//lib/libopencm3_stm32f1.a(flash_common_f01.o)
                              ./libopencm3//lib/libopencm3_stm32f1.a(rcc.o) (flash_set_ws)
./libopencm3//lib/libopencm3_stm32f1.a(vector.o)
                              (reset_handler)
./libopencm3//lib/libopencm3_stm32f1.a(nvic.o)
                              sources/usart.o (nvic_enable_irq)
./libopencm3//lib/libopencm3_stm32f1.a(assert.o)
                              ./libopencm3//lib/libopencm3_stm32f1.a(rcc.o) (cm3_assert_failed)
./libopencm3//lib/libopencm3_stm32f1.a(flash.o)
                              ./libopencm3//lib/libopencm3_stm32f1.a(flash_common_f01.o) (flash_get_status_flags)
/home/a-h/x-tools/arm-none-eabi/lib/gcc/arm-none-eabi/4.9.4/../../../../arm-none-eabi/lib/libc.a(lib_a-atoi.o)
                              sources/usart.o (atoi)
/home/a-h/x-tools/arm-none-eabi/lib/gcc/arm-none-eabi/4.9.4/../../../../arm-none-eabi/lib/libc.a(lib_a-itoa.o)
                              sources/usart.o (itoa)
/home/a-h/x-tools/arm-none-eabi/lib/gcc/arm-none-eabi/4.9.4/../../../../arm-none-eabi/lib/libc.a(lib_a-memset.o)
                              sources/usart.o (memset)
/home/a-h/x-tools/arm-none-eabi/lib/gcc/arm-none-eabi/4.9.4/../../../../arm-none-eabi/lib/libc.a(lib_a-strcat.o)
                              sources/usart.o (strcat)
/home/a-h/x-tools/arm-none-eabi/lib/gcc/arm-none-eabi/4.9.4/../../../../arm-none-eabi/lib/libc.a(lib_a-strlen.o)
                              sources/usart.o (strlen)
/home/a-h/x-tools/arm-none-eabi/lib/gcc/arm-none-eabi/4.9.4/../../../../arm-none-eabi/lib/libc.a(lib_a-strncmp.o)
                              sources/usart.o (strncmp)
/home/a-h/x-tools/arm-none-eabi/lib/gcc/arm-none-eabi/4.9.4/../../../../arm-none-eabi/lib/libc.a(lib_a-strtol.o)
                              /home/a-h/x-tools/arm-none-eabi/lib/gcc/arm-none-eabi/4.9.4/../../../../arm-none-eabi/lib/libc.a(lib_a-atoi.o) (_strtol_r)
/home/a-h/x-tools/arm-none-eabi/lib/gcc/arm-none-eabi/4.9.4/../../../../arm-none-eabi/lib/libc.a(lib_a-utoa.o)
                              /home/a-h/x-tools/arm-none-eabi/lib/gcc/arm-none-eabi/4.9.4/../../../../arm-none-eabi/lib/libc.a(lib_a-itoa.o) (__utoa)
/home/a-h/x-tools/arm-none-eabi/lib/gcc/arm-none-eabi/4.9.4/../../../../arm-none-eabi/lib/libc.a(lib_a-ctype_.o)
                              /home/a-h/x-tools/arm-none-eabi/lib/gcc/arm-none-eabi/4.9.4/../../../../arm-none-eabi/lib/libc.a(lib_a-strtol.o) (__ctype_ptr__)
/home/a-h/x-tools/arm-none-eabi/lib/gcc/arm-none-eabi/4.9.4/../../../../arm-none-eabi/lib/libc.a(lib_a-impure.o)
                              /home/a-h/x-tools/arm-none-eabi/lib/gcc/arm-none-eabi/4.9.4/../../../../arm-none-eabi/lib/libc.a(lib_a-strtol.o) (_impure_ptr)
/home/a-h/x-tools/arm-none-eabi/lib/gcc/arm-none-eabi/4.9.4/libgcc.a(_arm_addsubdf3.o)
                              sources/usart.o (__aeabi_dadd)
/home/a-h/x-tools/arm-none-eabi/lib/gcc/arm-none-eabi/4.9.4/libgcc.a(_arm_muldivdf3.o)
                              sources/usart.o (__aeabi_dmul)
/home/a-h/x-tools/arm-none-eabi/lib/gcc/arm-none-eabi/4.9.4/libgcc.a(_arm_addsubsf3.o)
                              sources/usart.o (__aeabi_fsub)
/home/a-h/x-tools/arm-none-eabi/lib/gcc/arm-none-eabi/4.9.4/libgcc.a(_arm_muldivsf3.o)
                              sources/usart.o (__aeabi_fmul)
/home/a-h/x-tools/arm-none-eabi/lib/gcc/arm-none-eabi/4.9.4/libgcc.a(_arm_cmpsf2.o)
                              sources/usart.o (__aeabi_fcmplt)
/home/a-h/x-tools/arm-none-eabi/lib/gcc/arm-none-eabi/4.9.4/libgcc.a(_arm_fixsfsi.o)
                              sources/usart.o (__aeabi_f2iz)

Discarded input sections

 .text          0x0000000000000000        0x0 sources/gpio.o
 .data          0x0000000000000000        0x0 sources/gpio.o
 .bss           0x0000000000000000        0x0 sources/gpio.o
[...]
Memory Configuration

Name             Origin             Length             Attributes
rom              0x0000000008000000 0x0000000000010000 xr
ram              0x0000000020000000 0x0000000000005000 xrw
*default*        0x0000000000000000 0xffffffffffffffff

Linker script and memory map

LOAD sources/gpio.o
LOAD sources/rcc.o
LOAD sources/usart.o
LOAD sources/adc.o
LOAD sources/bq76pl455.o
LOAD sources/timers.o
LOAD weldcontroller.o
LOAD ./libopencm3//lib/libopencm3_stm32f1.a
START GROUP
LOAD /home/a-h/x-tools/arm-none-eabi/lib/gcc/arm-none-eabi/4.9.4/../../../../arm-none-eabi/lib/libc.a
LOAD /home/a-h/x-tools/arm-none-eabi/lib/gcc/arm-none-eabi/4.9.4/libgcc.a
LOAD /home/a-h/x-tools/arm-none-eabi/lib/gcc/arm-none-eabi/4.9.4/../../../../arm-none-eabi/lib/libnosys.a
END GROUP
START GROUP
LOAD /home/a-h/x-tools/arm-none-eabi/lib/gcc/arm-none-eabi/4.9.4/libgcc.a
LOAD /home/a-h/x-tools/arm-none-eabi/lib/gcc/arm-none-eabi/4.9.4/../../../../arm-none-eabi/lib/libc.a
END GROUP

.text           0x0000000008000000     0x1194
 *(.vectors)
 .vectors       0x0000000008000000      0x150 ./libopencm3//lib/libopencm3_stm32f1.a(vector.o)
                0x0000000008000000                vector_table
 *(.text*)
 .text.gpio_init
                0x0000000008000150       0x7c sources/gpio.o
                0x0000000008000150                gpio_init
 .text.rcc_init
                0x00000000080001cc       0x22 sources/rcc.o
                0x00000000080001cc                rcc_init
 *fill*         0x00000000080001ee        0x2 
 .text.usart_init
                0x00000000080001f0      0x1a0 sources/usart.o
                0x00000000080001f0                usart_init
 .text.usart_send_string
                0x0000000008000390       0x1c sources/usart.o
                0x0000000008000390                usart_send_string
 .text.usart_send_byte
                0x00000000080003ac       0x14 sources/usart.o
                0x00000000080003ac                usart_send_byte
 .text.process_command
                0x00000000080003c0      0x14c sources/usart.o
                0x00000000080003c0                process_command
 .text.usart2_isr
                0x000000000800050c       0xc8 sources/usart.o
                0x000000000800050c                usart2_isr
 .text.adc_init
                0x00000000080005d4       0xcc sources/adc.o
                0x00000000080005d4                adc_init
 .text.tim2_init
                0x00000000080006a0       0x54 sources/timers.o
                0x00000000080006a0                tim2_init
 .text.tim1_enable
                0x00000000080006f4       0x18 sources/timers.o
                0x00000000080006f4                tim1_enable
 .text.tim1_set_pwm
                0x000000000800070c       0x18 sources/timers.o
                0x000000000800070c                tim1_set_pwm
 .text.tim1_init
                0x0000000008000724       0x70 sources/timers.o
                0x0000000008000724                tim1_init
 .text.tim1_up_isr
                0x0000000008000794       0x20 sources/timers.o
                0x0000000008000794                tim1_up_isr
 .text.tim1_cc_isr
                0x00000000080007b4       0x58 sources/timers.o
                0x00000000080007b4                tim1_cc_isr
 .text.startup.main
                0x000000000800080c       0x44 weldcontroller.o
                0x000000000800080c                main
 .text.sys_tick_handler
                0x0000000008000850        0x2 weldcontroller.o
                0x0000000008000850                sys_tick_handler
 *fill*         0x0000000008000852        0x2 
 .text.gas_set  0x0000000008000854       0x18 weldcontroller.o
                0x0000000008000854                gas_set
 .text.welding_set
                0x000000000800086c       0x18 weldcontroller.o
                0x000000000800086c                welding_set
 .text.adc_power_on
                0x0000000008000884       0x10 ./libopencm3//lib/libopencm3_stm32f1.a(adc.o)
                0x0000000008000884                adc_power_on
 .text.adc_enable_temperature_sensor
                0x0000000008000894       0x10 ./libopencm3//lib/libopencm3_stm32f1.a(adc.o)
                0x0000000008000894                adc_enable_temperature_sensor
 .text.adc_disable_external_trigger_regular
                0x00000000080008a4        0xa ./libopencm3//lib/libopencm3_stm32f1.a(adc.o)
                0x00000000080008a4                adc_disable_external_trigger_regular
 .text.adc_reset_calibration
                0x00000000080008ae       0x14 ./libopencm3//lib/libopencm3_stm32f1.a(adc.o)
                0x00000000080008ae                adc_reset_calibration
 .text.adc_calibrate_async
                0x00000000080008c2        0xa ./libopencm3//lib/libopencm3_stm32f1.a(adc.o)
                0x00000000080008c2                adc_calibrate_async
 .text.adc_is_calibrating
                0x00000000080008cc        0x8 ./libopencm3//lib/libopencm3_stm32f1.a(adc.o)
                0x00000000080008cc                adc_is_calibrating
 .text.adc_calibrate
                0x00000000080008d4       0x14 ./libopencm3//lib/libopencm3_stm32f1.a(adc.o)
                0x00000000080008d4                adc_calibrate
 .text.adc_set_sample_time_on_all_channels
                0x00000000080008e8       0x2a ./libopencm3//lib/libopencm3_stm32f1.a(adc.o)
                0x00000000080008e8                adc_set_sample_time_on_all_channels
 .text.adc_power_off
                0x0000000008000912        0xa ./libopencm3//lib/libopencm3_stm32f1.a(adc_common_v1.o)
                0x0000000008000912                adc_power_off
 .text.adc_disable_scan_mode
                0x000000000800091c        0xa ./libopencm3//lib/libopencm3_stm32f1.a(adc_common_v1.o)
                0x000000000800091c                adc_disable_scan_mode
 .text.adc_set_right_aligned
                0x0000000008000926        0xa ./libopencm3//lib/libopencm3_stm32f1.a(adc_common_v1.o)
                0x0000000008000926                adc_set_right_aligned
 .text.adc_set_single_conversion_mode
                0x0000000008000930        0xa ./libopencm3//lib/libopencm3_stm32f1.a(adc_common_v1.o)
                0x0000000008000930                adc_set_single_conversion_mode
 .text.adc_set_regular_sequence
                0x000000000800093a       0x78 ./libopencm3//lib/libopencm3_stm32f1.a(adc_common_v1.o)
                0x000000000800093a                adc_set_regular_sequence
 .text.gpio_set_mode
                0x00000000080009b2       0x64 ./libopencm3//lib/libopencm3_stm32f1.a(gpio.o)
                0x00000000080009b2                gpio_set_mode
 *fill*         0x0000000008000a16        0x2 
 .text.rcc_osc_on.part.1
                0x0000000008000a18       0x10 ./libopencm3//lib/libopencm3_stm32f1.a(rcc.o)
 .text.rcc_is_osc_ready
                0x0000000008000a28       0x5c ./libopencm3//lib/libopencm3_stm32f1.a(rcc.o)
                0x0000000008000a28                rcc_is_osc_ready
 .text.rcc_wait_for_osc_ready
                0x0000000008000a84       0x10 ./libopencm3//lib/libopencm3_stm32f1.a(rcc.o)
                0x0000000008000a84                rcc_wait_for_osc_ready
 .text.rcc_osc_on
                0x0000000008000a94       0x54 ./libopencm3//lib/libopencm3_stm32f1.a(rcc.o)
                0x0000000008000a94                rcc_osc_on
 .text.rcc_set_sysclk_source
                0x0000000008000ae8       0x14 ./libopencm3//lib/libopencm3_stm32f1.a(rcc.o)
                0x0000000008000ae8                rcc_set_sysclk_source
 .text.rcc_set_pll_multiplication_factor
                0x0000000008000afc       0x14 ./libopencm3//lib/libopencm3_stm32f1.a(rcc.o)
                0x0000000008000afc                rcc_set_pll_multiplication_factor
 .text.rcc_set_pll_source
                0x0000000008000b10       0x14 ./libopencm3//lib/libopencm3_stm32f1.a(rcc.o)
                0x0000000008000b10                rcc_set_pll_source
 .text.rcc_set_pllxtpre
                0x0000000008000b24       0x14 ./libopencm3//lib/libopencm3_stm32f1.a(rcc.o)
                0x0000000008000b24                rcc_set_pllxtpre
 .text.rcc_set_adcpre
                0x0000000008000b38       0x14 ./libopencm3//lib/libopencm3_stm32f1.a(rcc.o)
                0x0000000008000b38                rcc_set_adcpre
 .text.rcc_set_ppre2
                0x0000000008000b4c       0x14 ./libopencm3//lib/libopencm3_stm32f1.a(rcc.o)
                0x0000000008000b4c                rcc_set_ppre2
 .text.rcc_set_ppre1
                0x0000000008000b60       0x14 ./libopencm3//lib/libopencm3_stm32f1.a(rcc.o)
                0x0000000008000b60                rcc_set_ppre1
 .text.rcc_set_hpre
                0x0000000008000b74       0x14 ./libopencm3//lib/libopencm3_stm32f1.a(rcc.o)
                0x0000000008000b74                rcc_set_hpre
 .text.rcc_clock_setup_in_hse_8mhz_out_72mhz
                0x0000000008000b88       0x8c ./libopencm3//lib/libopencm3_stm32f1.a(rcc.o)
                0x0000000008000b88                rcc_clock_setup_in_hse_8mhz_out_72mhz
 .text.gpio_set
                0x0000000008000c14        0x4 ./libopencm3//lib/libopencm3_stm32f1.a(gpio_common_all.o)
                0x0000000008000c14                gpio_set
 .text.gpio_clear
                0x0000000008000c18        0x6 ./libopencm3//lib/libopencm3_stm32f1.a(gpio_common_all.o)
                0x0000000008000c18                gpio_clear
 .text.gpio_toggle
                0x0000000008000c1e       0x10 ./libopencm3//lib/libopencm3_stm32f1.a(gpio_common_all.o)
                0x0000000008000c1e                gpio_toggle
 .text.timer_enable_irq
                0x0000000008000c2e        0x8 ./libopencm3//lib/libopencm3_stm32f1.a(timer_common_all.o)
                0x0000000008000c2e                timer_enable_irq
 .text.timer_clear_flag
                0x0000000008000c36        0x6 ./libopencm3//lib/libopencm3_stm32f1.a(timer_common_all.o)
                0x0000000008000c36                timer_clear_flag
 .text.timer_set_mode
                0x0000000008000c3c       0x12 ./libopencm3//lib/libopencm3_stm32f1.a(timer_common_all.o)
                0x0000000008000c3c                timer_set_mode
 .text.timer_set_clock_division
                0x0000000008000c4e       0x14 ./libopencm3//lib/libopencm3_stm32f1.a(timer_common_all.o)
                0x0000000008000c4e                timer_set_clock_division
 .text.timer_disable_preload
                0x0000000008000c62        0xa ./libopencm3//lib/libopencm3_stm32f1.a(timer_common_all.o)
                0x0000000008000c62                timer_disable_preload
 .text.timer_continuous_mode
                0x0000000008000c6c        0xa ./libopencm3//lib/libopencm3_stm32f1.a(timer_common_all.o)
                0x0000000008000c6c                timer_continuous_mode
 .text.timer_enable_counter
                0x0000000008000c76        0xa ./libopencm3//lib/libopencm3_stm32f1.a(timer_common_all.o)
                0x0000000008000c76                timer_enable_counter
 .text.timer_disable_counter
                0x0000000008000c80        0xa ./libopencm3//lib/libopencm3_stm32f1.a(timer_common_all.o)
                0x0000000008000c80                timer_disable_counter
 .text.timer_set_master_mode
                0x0000000008000c8a       0x10 ./libopencm3//lib/libopencm3_stm32f1.a(timer_common_all.o)
                0x0000000008000c8a                timer_set_master_mode
 .text.timer_set_prescaler
                0x0000000008000c9a        0x4 ./libopencm3//lib/libopencm3_stm32f1.a(timer_common_all.o)
                0x0000000008000c9a                timer_set_prescaler
 .text.timer_set_period
                0x0000000008000c9e        0x4 ./libopencm3//lib/libopencm3_stm32f1.a(timer_common_all.o)
                0x0000000008000c9e                timer_set_period
 .text.timer_enable_oc_preload
                0x0000000008000ca2       0x34 ./libopencm3//lib/libopencm3_stm32f1.a(timer_common_all.o)
                0x0000000008000ca2                timer_enable_oc_preload
 .text.timer_set_oc_value
                0x0000000008000cd6       0x20 ./libopencm3//lib/libopencm3_stm32f1.a(timer_common_all.o)
                0x0000000008000cd6                timer_set_oc_value
 *fill*         0x0000000008000cf6        0x2 
 .text.usart_set_baudrate
                0x0000000008000cf8       0x28 ./libopencm3//lib/libopencm3_stm32f1.a(usart_common_all.o)
                0x0000000008000cf8                usart_set_baudrate
 .text.usart_set_databits
                0x0000000008000d20       0x12 ./libopencm3//lib/libopencm3_stm32f1.a(usart_common_all.o)
                0x0000000008000d20                usart_set_databits
 .text.usart_set_stopbits
                0x0000000008000d32        0xc ./libopencm3//lib/libopencm3_stm32f1.a(usart_common_all.o)
                0x0000000008000d32                usart_set_stopbits
 .text.usart_set_parity
                0x0000000008000d3e        0xc ./libopencm3//lib/libopencm3_stm32f1.a(usart_common_all.o)
                0x0000000008000d3e                usart_set_parity
 .text.usart_set_mode
                0x0000000008000d4a        0xc ./libopencm3//lib/libopencm3_stm32f1.a(usart_common_all.o)
                0x0000000008000d4a                usart_set_mode
 .text.usart_set_flow_control
                0x0000000008000d56        0xc ./libopencm3//lib/libopencm3_stm32f1.a(usart_common_all.o)
                0x0000000008000d56                usart_set_flow_control
 .text.usart_enable
                0x0000000008000d62        0xa ./libopencm3//lib/libopencm3_stm32f1.a(usart_common_all.o)
                0x0000000008000d62                usart_enable
 .text.usart_send_blocking
                0x0000000008000d6c       0x16 ./libopencm3//lib/libopencm3_stm32f1.a(usart_common_all.o)
                0x0000000008000d6c                usart_send_blocking
 .text.usart_send
                0x0000000008000d82        0x8 ./libopencm3//lib/libopencm3_stm32f1.a(usart_common_f124.o)
                0x0000000008000d82                usart_send
 .text.usart_recv
                0x0000000008000d8a        0x8 ./libopencm3//lib/libopencm3_stm32f1.a(usart_common_f124.o)
                0x0000000008000d8a                usart_recv
 .text.usart_wait_send_ready
                0x0000000008000d92        0x8 ./libopencm3//lib/libopencm3_stm32f1.a(usart_common_f124.o)
                0x0000000008000d92                usart_wait_send_ready
 .text.rcc_periph_clock_enable
                0x0000000008000d9a       0x1a ./libopencm3//lib/libopencm3_stm32f1.a(rcc_common_all.o)
                0x0000000008000d9a                rcc_periph_clock_enable
 .text.rcc_periph_reset_pulse
                0x0000000008000db4       0x22 ./libopencm3//lib/libopencm3_stm32f1.a(rcc_common_all.o)
                0x0000000008000db4                rcc_periph_reset_pulse
 *fill*         0x0000000008000dd6        0x2 
 .text.flash_set_ws
                0x0000000008000dd8       0x14 ./libopencm3//lib/libopencm3_stm32f1.a(flash_common_f01.o)
                0x0000000008000dd8                flash_set_ws
 .text.blocking_handler
                0x0000000008000dec        0x2 ./libopencm3//lib/libopencm3_stm32f1.a(vector.o)
                0x0000000008000dec                usart3_isr
                0x0000000008000dec                rtc_isr
                0x0000000008000dec                tim7_isr
                0x0000000008000dec                adc1_2_isr
                0x0000000008000dec                tim1_trg_com_isr
                0x0000000008000dec                usb_hp_can_tx_isr
                0x0000000008000dec                tim6_isr
                0x0000000008000dec                usb_wakeup_isr
                0x0000000008000dec                blocking_handler
                0x0000000008000dec                tim5_isr
                0x0000000008000dec                otg_fs_isr
                0x0000000008000dec                spi1_isr
                0x0000000008000dec                dma1_channel6_isr
                0x0000000008000dec                exti2_isr
                0x0000000008000dec                can_rx1_isr
                0x0000000008000dec                dma1_channel5_isr
                0x0000000008000dec                dma2_channel5_isr
                0x0000000008000dec                usart1_isr
                0x0000000008000dec                usage_fault_handler
                0x0000000008000dec                tim8_trg_com_isr
                0x0000000008000dec                can2_rx0_isr
                0x0000000008000dec                tim1_brk_isr
                0x0000000008000dec                can2_rx1_isr
                0x0000000008000dec                sdio_isr
                0x0000000008000dec                eth_isr
                0x0000000008000dec                dma1_channel4_isr
                0x0000000008000dec                tim8_brk_isr
                0x0000000008000dec                dma2_channel4_5_isr
                0x0000000008000dec                pvd_isr
                0x0000000008000dec                rcc_isr
                0x0000000008000dec                flash_isr
                0x0000000008000dec                uart4_isr
                0x0000000008000dec                rtc_alarm_isr
                0x0000000008000dec                exti15_10_isr
                0x0000000008000dec                hard_fault_handler
                0x0000000008000dec                exti1_isr
                0x0000000008000dec                i2c1_ev_isr
                0x0000000008000dec                dma2_channel1_isr
                0x0000000008000dec                spi2_isr
                0x0000000008000dec                tim8_up_isr
                0x0000000008000dec                dma2_channel2_isr
                0x0000000008000dec                adc3_isr
                0x0000000008000dec                exti3_isr
                0x0000000008000dec                tim3_isr
                0x0000000008000dec                usb_lp_can_rx0_isr
                0x0000000008000dec                i2c2_er_isr
                0x0000000008000dec                i2c2_ev_isr
                0x0000000008000dec                uart5_isr
                0x0000000008000dec                fsmc_isr
                0x0000000008000dec                dma1_channel1_isr
                0x0000000008000dec                exti4_isr
                0x0000000008000dec                mem_manage_handler
                0x0000000008000dec                can2_tx_isr
                0x0000000008000dec                exti9_5_isr
                0x0000000008000dec                dma2_channel3_isr
                0x0000000008000dec                dma1_channel7_isr
                0x0000000008000dec                can2_sce_isr
                0x0000000008000dec                tim4_isr
                0x0000000008000dec                dma1_channel2_isr
                0x0000000008000dec                i2c1_er_isr
                0x0000000008000dec                can_sce_isr
                0x0000000008000dec                tim8_cc_isr
                0x0000000008000dec                tamper_isr
                0x0000000008000dec                eth_wkup_isr
                0x0000000008000dec                bus_fault_handler
                0x0000000008000dec                wwdg_isr
                0x0000000008000dec                dma1_channel3_isr
                0x0000000008000dec                spi3_isr
                0x0000000008000dec                tim2_isr
                0x0000000008000dec                exti0_isr
 .text.null_handler
                0x0000000008000dee        0x2 ./libopencm3//lib/libopencm3_stm32f1.a(vector.o)
                0x0000000008000dee                null_handler
                0x0000000008000dee                sv_call_handler
                0x0000000008000dee                pend_sv_handler
                0x0000000008000dee                debug_monitor_handler
                0x0000000008000dee                nmi_handler
 .text.reset_handler
                0x0000000008000df0       0x90 ./libopencm3//lib/libopencm3_stm32f1.a(vector.o)
                0x0000000008000df0                reset_handler
 .text.nvic_enable_irq
                0x0000000008000e80       0x18 ./libopencm3//lib/libopencm3_stm32f1.a(nvic.o)
                0x0000000008000e80                nvic_enable_irq
 .text          0x0000000008000e98       0x10 /home/a-h/x-tools/arm-none-eabi/lib/gcc/arm-none-eabi/4.9.4/../../../../arm-none-eabi/lib/libc.a(lib_a-atoi.o)
                0x0000000008000e98                atoi
                0x0000000008000ea0                _atoi_r
 .text          0x0000000008000ea8       0x32 /home/a-h/x-tools/arm-none-eabi/lib/gcc/arm-none-eabi/4.9.4/../../../../arm-none-eabi/lib/libc.a(lib_a-strncmp.o)
                0x0000000008000ea8                strncmp
 *fill*         0x0000000008000eda        0x2 
 .text          0x0000000008000edc      0x120 /home/a-h/x-tools/arm-none-eabi/lib/gcc/arm-none-eabi/4.9.4/../../../../arm-none-eabi/lib/libc.a(lib_a-strtol.o)
                0x0000000008000edc                _strtol_r
                0x0000000008000fe8                strtol
                0x0000000008000ffc                . = ALIGN (0x4)
 *(.rodata*)
 .rodata.str1.1
                0x0000000008000ffc       0x77 sources/usart.o
 .rodata.str1.1
                0x0000000008001073       0x1d weldcontroller.o
 .rodata        0x0000000008001090      0x101 /home/a-h/x-tools/arm-none-eabi/lib/gcc/arm-none-eabi/4.9.4/../../../../arm-none-eabi/lib/libc.a(lib_a-ctype_.o)
                0x0000000008001090                _ctype_
 .rodata.str1.1
                0x0000000008001191        0x2 /home/a-h/x-tools/arm-none-eabi/lib/gcc/arm-none-eabi/4.9.4/../../../../arm-none-eabi/lib/libc.a(lib_a-impure.o)
                0x0000000008001194                . = ALIGN (0x4)
 *fill*         0x0000000008001193        0x1 

.glue_7         0x0000000008001194        0x0
 .glue_7        0x0000000008001194        0x0 linker stubs

.glue_7t        0x0000000008001194        0x0
 .glue_7t       0x0000000008001194        0x0 linker stubs

.vfp11_veneer   0x0000000008001194        0x0
 .vfp11_veneer  0x0000000008001194        0x0 linker stubs

.v4_bx          0x0000000008001194        0x0
 .v4_bx         0x0000000008001194        0x0 linker stubs

.iplt           0x0000000008001194        0x0
 .iplt          0x0000000008001194        0x0 sources/gpio.o

.rel.dyn        0x0000000008001194        0x0
 .rel.iplt      0x0000000008001194        0x0 sources/gpio.o

.preinit_array  0x0000000008001194        0x0
                0x0000000008001194                . = ALIGN (0x4)
                0x0000000008001194                __preinit_array_start = .
 *(.preinit_array)
                0x0000000008001194                __preinit_array_end = .

.init_array     0x0000000008001194        0x0
                0x0000000008001194                . = ALIGN (0x4)
                0x0000000008001194                __init_array_start = .
 *(SORT(.init_array.*))
 *(.init_array)
                0x0000000008001194                __init_array_end = .

.fini_array     0x0000000008001194        0x0
                0x0000000008001194                . = ALIGN (0x4)
                0x0000000008001194                __fini_array_start = .
 *(.fini_array)
 *(SORT(.fini_array.*))
                0x0000000008001194                __fini_array_end = .

.ARM.extab
 *(.ARM.extab*)

.ARM.exidx      0x0000000008001194        0x0
                0x0000000008001194                __exidx_start = .
 *(.ARM.exidx*)
                0x0000000008001194                __exidx_end = .
                0x0000000008001194                . = ALIGN (0x4)
                0x0000000008001194                _etext = .

.data           0x0000000020000000      0x4b0 load address 0x0000000008001194
                0x0000000020000000                _data = .
 *(.data*)
 .data.help_msg
                0x0000000020000000       0x6a sources/usart.o
 .data.upcount  0x000000002000006a        0x1 weldcontroller.o
                0x000000002000006a                upcount
 *fill*         0x000000002000006b        0x1 
 .data.compare_time
                0x000000002000006c        0x2 weldcontroller.o
                0x000000002000006c                compare_time
 *fill*         0x000000002000006e        0x2 
 .data.rcc_ahb_frequency
                0x0000000020000070        0x4 ./libopencm3//lib/libopencm3_stm32f1.a(rcc.o)
                0x0000000020000070                rcc_ahb_frequency
 .data.rcc_apb1_frequency
                0x0000000020000074        0x4 ./libopencm3//lib/libopencm3_stm32f1.a(rcc.o)
                0x0000000020000074                rcc_apb1_frequency
 .data.rcc_apb2_frequency
                0x0000000020000078        0x4 ./libopencm3//lib/libopencm3_stm32f1.a(rcc.o)
                0x0000000020000078                rcc_apb2_frequency
 .data          0x000000002000007c        0x4 /home/a-h/x-tools/arm-none-eabi/lib/gcc/arm-none-eabi/4.9.4/../../../../arm-none-eabi/lib/libc.a(lib_a-ctype_.o)
                0x000000002000007c                __ctype_ptr__
 .data          0x0000000020000080      0x430 /home/a-h/x-tools/arm-none-eabi/lib/gcc/arm-none-eabi/4.9.4/../../../../arm-none-eabi/lib/libc.a(lib_a-impure.o)
                0x0000000020000080                _impure_ptr
                0x00000000200004b0                . = ALIGN (0x4)
                0x00000000200004b0                _edata = .
                0x0000000008001194                _data_loadaddr = LOADADDR (.data)

.igot.plt       0x00000000200004b0        0x0 load address 0x0000000008001644
 .igot.plt      0x00000000200004b0        0x0 sources/gpio.o

.bss            0x00000000200004b0       0x74 load address 0x0000000008001644
 *(.bss*)
 .bss.usart1    0x00000000200004b0       0x10 sources/usart.o
                0x00000000200004b0                usart1
 .bss.usart2    0x00000000200004c0       0x10 sources/usart.o
                0x00000000200004c0                usart2
 .bss.resiever2
                0x00000000200004d0       0x32 sources/usart.o
 .bss.rec_len2  0x0000000020000502        0x1 sources/usart.o
 .bss.channel_array1
                0x0000000020000503       0x10 sources/adc.o
                0x0000000020000503                channel_array1
 .bss.channel_array2
                0x0000000020000513       0x10 sources/adc.o
                0x0000000020000513                channel_array2
 *(COMMON)
                0x0000000020000524                . = ALIGN (0x4)
 *fill*         0x0000000020000523        0x1 
                0x0000000020000524                _ebss = .

/DISCARD/
 *(.eh_frame)
                0x0000000020000524                . = ALIGN (0x4)
                0x0000000020000524                end = .
                0x0000000020005000                PROVIDE (_stack, (ORIGIN (ram) + LENGTH (ram)))
OUTPUT(weldcontroller.elf elf32-littlearm)

.debug_info     0x0000000000000000     0x8a86
 .debug_info    0x0000000000000000      0x3bd sources/gpio.o
 .debug_info    0x00000000000003bd      0x27f sources/rcc.o
 .debug_info    0x000000000000063c     0x1043 sources/usart.o
 .debug_info    0x000000000000167f      0x685 sources/adc.o
 .debug_info    0x0000000000001d04      0x913 sources/timers.o
 .debug_info    0x0000000000002617      0x2d0 weldcontroller.o
 .debug_info    0x00000000000028e7      0x387 ./libopencm3//lib/libopencm3_stm32f1.a(adc.o)
 .debug_info    0x0000000000002c6e      0x7b4 ./libopencm3//lib/libopencm3_stm32f1.a(adc_common_v1.o)
 .debug_info    0x0000000000003422      0x1df ./libopencm3//lib/libopencm3_stm32f1.a(gpio.o)
 .debug_info    0x0000000000003601     0x10fd ./libopencm3//lib/libopencm3_stm32f1.a(rcc.o)
 .debug_info    0x00000000000046fe      0x22c ./libopencm3//lib/libopencm3_stm32f1.a(gpio_common_all.o)
 .debug_info    0x000000000000492a     0x117e ./libopencm3//lib/libopencm3_stm32f1.a(timer_common_all.o)
 .debug_info    0x0000000000005aa8      0x4cf ./libopencm3//lib/libopencm3_stm32f1.a(usart_common_all.o)
 .debug_info    0x0000000000005f77      0x17a ./libopencm3//lib/libopencm3_stm32f1.a(usart_common_f124.o)
 .debug_info    0x00000000000060f1      0x5b8 ./libopencm3//lib/libopencm3_stm32f1.a(rcc_common_all.o)
 .debug_info    0x00000000000066a9      0x27f ./libopencm3//lib/libopencm3_stm32f1.a(flash_common_f01.o)
 .debug_info    0x0000000000006928      0x2a4 ./libopencm3//lib/libopencm3_stm32f1.a(vector.o)
 .debug_info    0x0000000000006bcc      0x214 ./libopencm3//lib/libopencm3_stm32f1.a(nvic.o)
 .debug_info    0x0000000000006de0      0x93d /home/a-h/x-tools/arm-none-eabi/lib/gcc/arm-none-eabi/4.9.4/../../../../arm-none-eabi/lib/libc.a(lib_a-atoi.o)
 .debug_info    0x000000000000771d       0xcb /home/a-h/x-tools/arm-none-eabi/lib/gcc/arm-none-eabi/4.9.4/../../../../arm-none-eabi/lib/libc.a(lib_a-strncmp.o)
 .debug_info    0x00000000000077e8      0x9a3 /home/a-h/x-tools/arm-none-eabi/lib/gcc/arm-none-eabi/4.9.4/../../../../arm-none-eabi/lib/libc.a(lib_a-strtol.o)
 .debug_info    0x000000000000818b       0x6b /home/a-h/x-tools/arm-none-eabi/lib/gcc/arm-none-eabi/4.9.4/../../../../arm-none-eabi/lib/libc.a(lib_a-ctype_.o)
 .debug_info    0x00000000000081f6      0x890 /home/a-h/x-tools/arm-none-eabi/lib/gcc/arm-none-eabi/4.9.4/../../../../arm-none-eabi/lib/libc.a(lib_a-impure.o)

.debug_abbrev   0x0000000000000000     0x1c16
 .debug_abbrev  0x0000000000000000       0xce sources/gpio.o
 .debug_abbrev  0x00000000000000ce       0xb7 sources/rcc.o
 .debug_abbrev  0x0000000000000185      0x2fc sources/usart.o
 .debug_abbrev  0x0000000000000481      0x15b sources/adc.o
 .debug_abbrev  0x00000000000005dc      0x141 sources/timers.o
 .debug_abbrev  0x000000000000071d      0x15b weldcontroller.o
 .debug_abbrev  0x0000000000000878      0x165 ./libopencm3//lib/libopencm3_stm32f1.a(adc.o)
 .debug_abbrev  0x00000000000009dd      0x149 ./libopencm3//lib/libopencm3_stm32f1.a(adc_common_v1.o)
 .debug_abbrev  0x0000000000000b26       0xb7 ./libopencm3//lib/libopencm3_stm32f1.a(gpio.o)
 .debug_abbrev  0x0000000000000bdd      0x291 ./libopencm3//lib/libopencm3_stm32f1.a(rcc.o)
 .debug_abbrev  0x0000000000000e6e      0x10e ./libopencm3//lib/libopencm3_stm32f1.a(gpio_common_all.o)
 .debug_abbrev  0x0000000000000f7c      0x15c ./libopencm3//lib/libopencm3_stm32f1.a(timer_common_all.o)
 .debug_abbrev  0x00000000000010d8      0x12b ./libopencm3//lib/libopencm3_stm32f1.a(usart_common_all.o)
 .debug_abbrev  0x0000000000001203       0x8e ./libopencm3//lib/libopencm3_stm32f1.a(usart_common_f124.o)
 .debug_abbrev  0x0000000000001291       0xc1 ./libopencm3//lib/libopencm3_stm32f1.a(rcc_common_all.o)
 .debug_abbrev  0x0000000000001352       0xe7 ./libopencm3//lib/libopencm3_stm32f1.a(flash_common_f01.o)
 .debug_abbrev  0x0000000000001439      0x12b ./libopencm3//lib/libopencm3_stm32f1.a(vector.o)
 .debug_abbrev  0x0000000000001564       0xa6 ./libopencm3//lib/libopencm3_stm32f1.a(nvic.o)
 .debug_abbrev  0x000000000000160a      0x1cf /home/a-h/x-tools/arm-none-eabi/lib/gcc/arm-none-eabi/4.9.4/../../../../arm-none-eabi/lib/libc.a(lib_a-atoi.o)
 .debug_abbrev  0x00000000000017d9       0x6e /home/a-h/x-tools/arm-none-eabi/lib/gcc/arm-none-eabi/4.9.4/../../../../arm-none-eabi/lib/libc.a(lib_a-strncmp.o)
 .debug_abbrev  0x0000000000001847      0x205 /home/a-h/x-tools/arm-none-eabi/lib/gcc/arm-none-eabi/4.9.4/../../../../arm-none-eabi/lib/libc.a(lib_a-strtol.o)
 .debug_abbrev  0x0000000000001a4c       0x4c /home/a-h/x-tools/arm-none-eabi/lib/gcc/arm-none-eabi/4.9.4/../../../../arm-none-eabi/lib/libc.a(lib_a-ctype_.o)
 .debug_abbrev  0x0000000000001a98      0x17e /home/a-h/x-tools/arm-none-eabi/lib/gcc/arm-none-eabi/4.9.4/../../../../arm-none-eabi/lib/libc.a(lib_a-impure.o)

.debug_aranges  0x0000000000000000      0xaa0
 .debug_aranges
                0x0000000000000000       0x20 sources/gpio.o
 .debug_aranges
                0x0000000000000020       0x20 sources/rcc.o
 .debug_aranges
                0x0000000000000040       0x60 sources/usart.o
 .debug_aranges
                0x00000000000000a0       0x30 sources/adc.o
 .debug_aranges
                0x00000000000000d0       0x48 sources/timers.o
 .debug_aranges
                0x0000000000000118       0x38 weldcontroller.o
 .debug_aranges
                0x0000000000000150       0x98 ./libopencm3//lib/libopencm3_stm32f1.a(adc.o)
 .debug_aranges
                0x00000000000001e8      0x148 ./libopencm3//lib/libopencm3_stm32f1.a(adc_common_v1.o)
 .debug_aranges
                0x0000000000000330       0x38 ./libopencm3//lib/libopencm3_stm32f1.a(gpio.o)
 .debug_aranges
                0x0000000000000368      0x158 ./libopencm3//lib/libopencm3_stm32f1.a(rcc.o)
 .debug_aranges
                0x00000000000004c0       0x50 ./libopencm3//lib/libopencm3_stm32f1.a(gpio_common_all.o)
 .debug_aranges
                0x0000000000000510      0x278 ./libopencm3//lib/libopencm3_stm32f1.a(timer_common_all.o)
 .debug_aranges
                0x0000000000000788       0xb8 ./libopencm3//lib/libopencm3_stm32f1.a(usart_common_all.o)
 .debug_aranges
                0x0000000000000840       0x40 ./libopencm3//lib/libopencm3_stm32f1.a(usart_common_f124.o)
 .debug_aranges
                0x0000000000000880       0x78 ./libopencm3//lib/libopencm3_stm32f1.a(rcc_common_all.o)
 .debug_aranges
                0x00000000000008f8       0x88 ./libopencm3//lib/libopencm3_stm32f1.a(flash_common_f01.o)
 .debug_aranges
                0x0000000000000980       0x30 ./libopencm3//lib/libopencm3_stm32f1.a(vector.o)
 .debug_aranges
                0x00000000000009b0       0x60 ./libopencm3//lib/libopencm3_stm32f1.a(nvic.o)
 .debug_aranges
                0x0000000000000a10       0x20 /home/a-h/x-tools/arm-none-eabi/lib/gcc/arm-none-eabi/4.9.4/../../../../arm-none-eabi/lib/libc.a(lib_a-atoi.o)
 .debug_aranges
                0x0000000000000a30       0x20 /home/a-h/x-tools/arm-none-eabi/lib/gcc/arm-none-eabi/4.9.4/../../../../arm-none-eabi/lib/libc.a(lib_a-strncmp.o)
 .debug_aranges
                0x0000000000000a50       0x20 /home/a-h/x-tools/arm-none-eabi/lib/gcc/arm-none-eabi/4.9.4/../../../../arm-none-eabi/lib/libc.a(lib_a-strtol.o)
 .debug_aranges
                0x0000000000000a70       0x18 /home/a-h/x-tools/arm-none-eabi/lib/gcc/arm-none-eabi/4.9.4/../../../../arm-none-eabi/lib/libc.a(lib_a-ctype_.o)
 .debug_aranges
                0x0000000000000a88       0x18 /home/a-h/x-tools/arm-none-eabi/lib/gcc/arm-none-eabi/4.9.4/../../../../arm-none-eabi/lib/libc.a(lib_a-impure.o)

.debug_ranges   0x0000000000000000      0x968
 .debug_ranges  0x0000000000000000       0x10 sources/gpio.o
 .debug_ranges  0x0000000000000010       0x10 sources/rcc.o
 .debug_ranges  0x0000000000000020       0x68 sources/usart.o
 .debug_ranges  0x0000000000000088       0x20 sources/adc.o
 .debug_ranges  0x00000000000000a8       0x38 sources/timers.o
 .debug_ranges  0x00000000000000e0       0x28 weldcontroller.o
 .debug_ranges  0x0000000000000108       0x88 ./libopencm3//lib/libopencm3_stm32f1.a(adc.o)
 .debug_ranges  0x0000000000000190      0x138 ./libopencm3//lib/libopencm3_stm32f1.a(adc_common_v1.o)
 .debug_ranges  0x00000000000002c8       0x28 ./libopencm3//lib/libopencm3_stm32f1.a(gpio.o)
 .debug_ranges  0x00000000000002f0      0x1a8 ./libopencm3//lib/libopencm3_stm32f1.a(rcc.o)
 .debug_ranges  0x0000000000000498       0x40 ./libopencm3//lib/libopencm3_stm32f1.a(gpio_common_all.o)
 .debug_ranges  0x00000000000004d8      0x268 ./libopencm3//lib/libopencm3_stm32f1.a(timer_common_all.o)
 .debug_ranges  0x0000000000000740       0xa8 ./libopencm3//lib/libopencm3_stm32f1.a(usart_common_all.o)
 .debug_ranges  0x00000000000007e8       0x30 ./libopencm3//lib/libopencm3_stm32f1.a(usart_common_f124.o)
 .debug_ranges  0x0000000000000818       0x68 ./libopencm3//lib/libopencm3_stm32f1.a(rcc_common_all.o)
 .debug_ranges  0x0000000000000880       0x78 ./libopencm3//lib/libopencm3_stm32f1.a(flash_common_f01.o)
 .debug_ranges  0x00000000000008f8       0x20 ./libopencm3//lib/libopencm3_stm32f1.a(vector.o)
 .debug_ranges  0x0000000000000918       0x50 ./libopencm3//lib/libopencm3_stm32f1.a(nvic.o)

.debug_line     0x0000000000000000     0x4527
 .debug_line    0x0000000000000000      0x173 sources/gpio.o
 .debug_line    0x0000000000000173       0xb5 sources/rcc.o
 .debug_line    0x0000000000000228      0x3f0 sources/usart.o
 .debug_line    0x0000000000000618      0x1df sources/adc.o
 .debug_line    0x00000000000007f7      0x225 sources/timers.o
 .debug_line    0x0000000000000a1c      0x19f weldcontroller.o
 .debug_line    0x0000000000000bbb      0x3bc ./libopencm3//lib/libopencm3_stm32f1.a(adc.o)
 .debug_line    0x0000000000000f77      0x546 ./libopencm3//lib/libopencm3_stm32f1.a(adc_common_v1.o)
 .debug_line    0x00000000000014bd      0x2c0 ./libopencm3//lib/libopencm3_stm32f1.a(gpio.o)
 .debug_line    0x000000000000177d      0x648 ./libopencm3//lib/libopencm3_stm32f1.a(rcc.o)
 .debug_line    0x0000000000001dc5      0x2f4 ./libopencm3//lib/libopencm3_stm32f1.a(gpio_common_all.o)
 .debug_line    0x00000000000020b9      0x875 ./libopencm3//lib/libopencm3_stm32f1.a(timer_common_all.o)
 .debug_line    0x000000000000292e      0x422 ./libopencm3//lib/libopencm3_stm32f1.a(usart_common_all.o)
 .debug_line    0x0000000000002d50      0x315 ./libopencm3//lib/libopencm3_stm32f1.a(usart_common_f124.o)
 .debug_line    0x0000000000003065      0x33f ./libopencm3//lib/libopencm3_stm32f1.a(rcc_common_all.o)
 .debug_line    0x00000000000033a4      0x37f ./libopencm3//lib/libopencm3_stm32f1.a(flash_common_f01.o)
 .debug_line    0x0000000000003723      0x30e ./libopencm3//lib/libopencm3_stm32f1.a(vector.o)
 .debug_line    0x0000000000003a31      0x2c4 ./libopencm3//lib/libopencm3_stm32f1.a(nvic.o)
 .debug_line    0x0000000000003cf5      0x20b /home/a-h/x-tools/arm-none-eabi/lib/gcc/arm-none-eabi/4.9.4/../../../../arm-none-eabi/lib/libc.a(lib_a-atoi.o)
 .debug_line    0x0000000000003f00      0x192 /home/a-h/x-tools/arm-none-eabi/lib/gcc/arm-none-eabi/4.9.4/../../../../arm-none-eabi/lib/libc.a(lib_a-strncmp.o)
 .debug_line    0x0000000000004092      0x280 /home/a-h/x-tools/arm-none-eabi/lib/gcc/arm-none-eabi/4.9.4/../../../../arm-none-eabi/lib/libc.a(lib_a-strtol.o)
 .debug_line    0x0000000000004312       0x8b /home/a-h/x-tools/arm-none-eabi/lib/gcc/arm-none-eabi/4.9.4/../../../../arm-none-eabi/lib/libc.a(lib_a-ctype_.o)
 .debug_line    0x000000000000439d      0x18a /home/a-h/x-tools/arm-none-eabi/lib/gcc/arm-none-eabi/4.9.4/../../../../arm-none-eabi/lib/libc.a(lib_a-impure.o)

.debug_str      0x0000000000000000    0x170b2
 .debug_str     0x0000000000000000      0x365 sources/gpio.o
                                        0x403 (size before relaxing)
 .debug_str     0x0000000000000365       0x3d sources/rcc.o
                                        0x3d6 (size before relaxing)
 .debug_str     0x00000000000003a2      0x2bf sources/usart.o
                                        0x6cc (size before relaxing)
 .debug_str     0x0000000000000661      0x177 sources/adc.o
                                        0x568 (size before relaxing)
 .debug_str     0x00000000000007d8      0x3b3 sources/timers.o
                                        0x7b8 (size before relaxing)
 .debug_str     0x0000000000000b8b       0x2d weldcontroller.o
                                        0x255 (size before relaxing)
 .debug_str     0x0000000000000bb8     0x64ce ./libopencm3//lib/libopencm3_stm32f1.a(adc.o)
                                       0x6713 (size before relaxing)
 .debug_str     0x0000000000007086      0x42a ./libopencm3//lib/libopencm3_stm32f1.a(adc_common_v1.o)
                                       0x6a43 (size before relaxing)
 .debug_str     0x00000000000074b0     0x3803 ./libopencm3//lib/libopencm3_stm32f1.a(gpio.o)
                                       0x786c (size before relaxing)
 .debug_str     0x000000000000acb3     0x307b ./libopencm3//lib/libopencm3_stm32f1.a(rcc.o)
                                       0x710a (size before relaxing)
 .debug_str     0x000000000000dd2e       0x5a ./libopencm3//lib/libopencm3_stm32f1.a(gpio_common_all.o)
                                       0x7860 (size before relaxing)
 .debug_str     0x000000000000dd88     0x4a13 ./libopencm3//lib/libopencm3_stm32f1.a(timer_common_all.o)
                                       0xb20d (size before relaxing)
 .debug_str     0x000000000001279b     0x10d6 ./libopencm3//lib/libopencm3_stm32f1.a(usart_common_all.o)
                                       0x763a (size before relaxing)
 .debug_str     0x0000000000013871       0x2d ./libopencm3//lib/libopencm3_stm32f1.a(usart_common_f124.o)
                                       0x744e (size before relaxing)
 .debug_str     0x000000000001389e      0x168 ./libopencm3//lib/libopencm3_stm32f1.a(rcc_common_all.o)
                                       0x6a55 (size before relaxing)
 .debug_str     0x0000000000013a06      0x181 ./libopencm3//lib/libopencm3_stm32f1.a(flash_common_f01.o)
                                       0x4913 (size before relaxing)
 .debug_str     0x0000000000013b87     0x24ec ./libopencm3//lib/libopencm3_stm32f1.a(vector.o)
                                       0x59bd (size before relaxing)
 .debug_str     0x0000000000016073      0x9e0 ./libopencm3//lib/libopencm3_stm32f1.a(nvic.o)
                                       0x46c9 (size before relaxing)
 .debug_str     0x0000000000016a53      0x460 /home/a-h/x-tools/arm-none-eabi/lib/gcc/arm-none-eabi/4.9.4/../../../../arm-none-eabi/lib/libc.a(lib_a-atoi.o)
                                        0x52c (size before relaxing)
 .debug_str     0x0000000000016eb3       0x6c /home/a-h/x-tools/arm-none-eabi/lib/gcc/arm-none-eabi/4.9.4/../../../../arm-none-eabi/lib/libc.a(lib_a-strncmp.o)
                                        0x16a (size before relaxing)
 .debug_str     0x0000000000016f1f       0x98 /home/a-h/x-tools/arm-none-eabi/lib/gcc/arm-none-eabi/4.9.4/../../../../arm-none-eabi/lib/libc.a(lib_a-strtol.o)
                                        0x55f (size before relaxing)
 .debug_str     0x0000000000016fb7       0x72 /home/a-h/x-tools/arm-none-eabi/lib/gcc/arm-none-eabi/4.9.4/../../../../arm-none-eabi/lib/libc.a(lib_a-ctype_.o)
                                         0xeb (size before relaxing)
 .debug_str     0x0000000000017029       0x89 /home/a-h/x-tools/arm-none-eabi/lib/gcc/arm-none-eabi/4.9.4/../../../../arm-none-eabi/lib/libc.a(lib_a-impure.o)
                                        0x53a (size before relaxing)

.comment        0x0000000000000000       0x34
 .comment       0x0000000000000000       0x34 sources/gpio.o
                                         0x35 (size before relaxing)
 .comment       0x0000000000000034       0x35 sources/rcc.o
 .comment       0x0000000000000034       0x35 sources/usart.o
 .comment       0x0000000000000034       0x35 sources/adc.o
 .comment       0x0000000000000034       0x35 sources/timers.o
 .comment       0x0000000000000034       0x35 weldcontroller.o
 .comment       0x0000000000000034       0x35 ./libopencm3//lib/libopencm3_stm32f1.a(adc.o)
 .comment       0x0000000000000034       0x35 ./libopencm3//lib/libopencm3_stm32f1.a(adc_common_v1.o)
 .comment       0x0000000000000034       0x35 ./libopencm3//lib/libopencm3_stm32f1.a(gpio.o)
 .comment       0x0000000000000034       0x35 ./libopencm3//lib/libopencm3_stm32f1.a(rcc.o)
 .comment       0x0000000000000034       0x35 ./libopencm3//lib/libopencm3_stm32f1.a(gpio_common_all.o)
 .comment       0x0000000000000034       0x35 ./libopencm3//lib/libopencm3_stm32f1.a(timer_common_all.o)
 .comment       0x0000000000000034       0x35 ./libopencm3//lib/libopencm3_stm32f1.a(usart_common_all.o)
 .comment       0x0000000000000034       0x35 ./libopencm3//lib/libopencm3_stm32f1.a(usart_common_f124.o)
 .comment       0x0000000000000034       0x35 ./libopencm3//lib/libopencm3_stm32f1.a(rcc_common_all.o)
 .comment       0x0000000000000034       0x35 ./libopencm3//lib/libopencm3_stm32f1.a(flash_common_f01.o)
 .comment       0x0000000000000034       0x35 ./libopencm3//lib/libopencm3_stm32f1.a(vector.o)
 .comment       0x0000000000000034       0x35 ./libopencm3//lib/libopencm3_stm32f1.a(nvic.o)
 .comment       0x0000000000000034       0x35 /home/a-h/x-tools/arm-none-eabi/lib/gcc/arm-none-eabi/4.9.4/../../../../arm-none-eabi/lib/libc.a(lib_a-atoi.o)
 .comment       0x0000000000000034       0x35 /home/a-h/x-tools/arm-none-eabi/lib/gcc/arm-none-eabi/4.9.4/../../../../arm-none-eabi/lib/libc.a(lib_a-strncmp.o)
 .comment       0x0000000000000034       0x35 /home/a-h/x-tools/arm-none-eabi/lib/gcc/arm-none-eabi/4.9.4/../../../../arm-none-eabi/lib/libc.a(lib_a-strtol.o)
 .comment       0x0000000000000034       0x35 /home/a-h/x-tools/arm-none-eabi/lib/gcc/arm-none-eabi/4.9.4/../../../../arm-none-eabi/lib/libc.a(lib_a-ctype_.o)
 .comment       0x0000000000000034       0x35 /home/a-h/x-tools/arm-none-eabi/lib/gcc/arm-none-eabi/4.9.4/../../../../arm-none-eabi/lib/libc.a(lib_a-impure.o)

.ARM.attributes
                0x0000000000000000       0x33
 .ARM.attributes
                0x0000000000000000       0x33 sources/gpio.o
 .ARM.attributes
                0x0000000000000033       0x33 sources/rcc.o
 .ARM.attributes
                0x0000000000000066       0x33 sources/usart.o
 .ARM.attributes
                0x0000000000000099       0x33 sources/adc.o
 .ARM.attributes
                0x00000000000000cc       0x33 sources/timers.o
 .ARM.attributes
                0x00000000000000ff       0x33 weldcontroller.o
 .ARM.attributes
                0x0000000000000132       0x33 ./libopencm3//lib/libopencm3_stm32f1.a(adc.o)
 .ARM.attributes
                0x0000000000000165       0x33 ./libopencm3//lib/libopencm3_stm32f1.a(adc_common_v1.o)
 .ARM.attributes
                0x0000000000000198       0x33 ./libopencm3//lib/libopencm3_stm32f1.a(gpio.o)
 .ARM.attributes
                0x00000000000001cb       0x33 ./libopencm3//lib/libopencm3_stm32f1.a(rcc.o)
 .ARM.attributes
                0x00000000000001fe       0x33 ./libopencm3//lib/libopencm3_stm32f1.a(gpio_common_all.o)
 .ARM.attributes
                0x0000000000000231       0x33 ./libopencm3//lib/libopencm3_stm32f1.a(timer_common_all.o)
 .ARM.attributes
                0x0000000000000264       0x33 ./libopencm3//lib/libopencm3_stm32f1.a(usart_common_all.o)
 .ARM.attributes
                0x0000000000000297       0x33 ./libopencm3//lib/libopencm3_stm32f1.a(usart_common_f124.o)
 .ARM.attributes
                0x00000000000002ca       0x33 ./libopencm3//lib/libopencm3_stm32f1.a(rcc_common_all.o)
 .ARM.attributes
                0x00000000000002fd       0x33 ./libopencm3//lib/libopencm3_stm32f1.a(flash_common_f01.o)
 .ARM.attributes
                0x0000000000000330       0x33 ./libopencm3//lib/libopencm3_stm32f1.a(vector.o)
 .ARM.attributes
                0x0000000000000363       0x33 ./libopencm3//lib/libopencm3_stm32f1.a(nvic.o)
 .ARM.attributes
                0x0000000000000396       0x33 /home/a-h/x-tools/arm-none-eabi/lib/gcc/arm-none-eabi/4.9.4/../../../../arm-none-eabi/lib/libc.a(lib_a-atoi.o)
 .ARM.attributes
                0x00000000000003c9       0x33 /home/a-h/x-tools/arm-none-eabi/lib/gcc/arm-none-eabi/4.9.4/../../../../arm-none-eabi/lib/libc.a(lib_a-strncmp.o)
 .ARM.attributes
                0x00000000000003fc       0x33 /home/a-h/x-tools/arm-none-eabi/lib/gcc/arm-none-eabi/4.9.4/../../../../arm-none-eabi/lib/libc.a(lib_a-strtol.o)
 .ARM.attributes
                0x000000000000042f       0x33 /home/a-h/x-tools/arm-none-eabi/lib/gcc/arm-none-eabi/4.9.4/../../../../arm-none-eabi/lib/libc.a(lib_a-ctype_.o)
 .ARM.attributes
                0x0000000000000462       0x33 /home/a-h/x-tools/arm-none-eabi/lib/gcc/arm-none-eabi/4.9.4/../../../../arm-none-eabi/lib/libc.a(lib_a-impure.o)

.debug_frame    0x0000000000000000     0x147c
 .debug_frame   0x0000000000000000       0x34 sources/gpio.o
 .debug_frame   0x0000000000000034       0x2c sources/rcc.o
 .debug_frame   0x0000000000000060      0x12c sources/usart.o
 .debug_frame   0x000000000000018c       0x60 sources/adc.o
 .debug_frame   0x00000000000001ec       0xa0 sources/timers.o
 .debug_frame   0x000000000000028c       0x58 weldcontroller.o
 .debug_frame   0x00000000000002e4      0x128 ./libopencm3//lib/libopencm3_stm32f1.a(adc.o)
 .debug_frame   0x000000000000040c      0x294 ./libopencm3//lib/libopencm3_stm32f1.a(adc_common_v1.o)
 .debug_frame   0x00000000000006a0       0x64 ./libopencm3//lib/libopencm3_stm32f1.a(gpio.o)
 .debug_frame   0x0000000000000704      0x2e0 ./libopencm3//lib/libopencm3_stm32f1.a(rcc.o)
 .debug_frame   0x00000000000009e4       0x80 ./libopencm3//lib/libopencm3_stm32f1.a(gpio_common_all.o)
 .debug_frame   0x0000000000000a64      0x4d8 ./libopencm3//lib/libopencm3_stm32f1.a(timer_common_all.o)
 .debug_frame   0x0000000000000f3c      0x170 ./libopencm3//lib/libopencm3_stm32f1.a(usart_common_all.o)
 .debug_frame   0x00000000000010ac       0x60 ./libopencm3//lib/libopencm3_stm32f1.a(usart_common_f124.o)
 .debug_frame   0x000000000000110c       0xd0 ./libopencm3//lib/libopencm3_stm32f1.a(rcc_common_all.o)
 .debug_frame   0x00000000000011dc      0x120 ./libopencm3//lib/libopencm3_stm32f1.a(flash_common_f01.o)
 .debug_frame   0x00000000000012fc       0x40 ./libopencm3//lib/libopencm3_stm32f1.a(vector.o)
 .debug_frame   0x000000000000133c       0xa0 ./libopencm3//lib/libopencm3_stm32f1.a(nvic.o)
 .debug_frame   0x00000000000013dc       0x30 /home/a-h/x-tools/arm-none-eabi/lib/gcc/arm-none-eabi/4.9.4/../../../../arm-none-eabi/lib/libc.a(lib_a-atoi.o)
 .debug_frame   0x000000000000140c       0x2c /home/a-h/x-tools/arm-none-eabi/lib/gcc/arm-none-eabi/4.9.4/../../../../arm-none-eabi/lib/libc.a(lib_a-strncmp.o)
 .debug_frame   0x0000000000001438       0x44 /home/a-h/x-tools/arm-none-eabi/lib/gcc/arm-none-eabi/4.9.4/../../../../arm-none-eabi/lib/libc.a(lib_a-strtol.o)

.debug_loc      0x0000000000000000     0x2455
 .debug_loc     0x0000000000000000      0x797 sources/usart.o
 .debug_loc     0x0000000000000797       0xc5 sources/adc.o
 .debug_loc     0x000000000000085c       0x9d sources/timers.o
 .debug_loc     0x00000000000008f9       0x8f weldcontroller.o
 .debug_loc     0x0000000000000988      0x1db ./libopencm3//lib/libopencm3_stm32f1.a(adc.o)
 .debug_loc     0x0000000000000b63      0x343 ./libopencm3//lib/libopencm3_stm32f1.a(adc_common_v1.o)
 .debug_loc     0x0000000000000ea6      0x1aa ./libopencm3//lib/libopencm3_stm32f1.a(gpio.o)
 .debug_loc     0x0000000000001050      0x3f2 ./libopencm3//lib/libopencm3_stm32f1.a(rcc.o)
 .debug_loc     0x0000000000001442       0x84 ./libopencm3//lib/libopencm3_stm32f1.a(gpio_common_all.o)
 .debug_loc     0x00000000000014c6      0x506 ./libopencm3//lib/libopencm3_stm32f1.a(timer_common_all.o)
 .debug_loc     0x00000000000019cc      0x1ca ./libopencm3//lib/libopencm3_stm32f1.a(usart_common_all.o)
 .debug_loc     0x0000000000001b96       0x63 ./libopencm3//lib/libopencm3_stm32f1.a(usart_common_f124.o)
 .debug_loc     0x0000000000001bf9      0x14a ./libopencm3//lib/libopencm3_stm32f1.a(rcc_common_all.o)
 .debug_loc     0x0000000000001d43       0xd3 ./libopencm3//lib/libopencm3_stm32f1.a(flash_common_f01.o)
 .debug_loc     0x0000000000001e16       0xdf ./libopencm3//lib/libopencm3_stm32f1.a(vector.o)
 .debug_loc     0x0000000000001ef5      0x129 ./libopencm3//lib/libopencm3_stm32f1.a(nvic.o)
 .debug_loc     0x000000000000201e       0x63 /home/a-h/x-tools/arm-none-eabi/lib/gcc/arm-none-eabi/4.9.4/../../../../arm-none-eabi/lib/libc.a(lib_a-atoi.o)
 .debug_loc     0x0000000000002081       0x8b /home/a-h/x-tools/arm-none-eabi/lib/gcc/arm-none-eabi/4.9.4/../../../../arm-none-eabi/lib/libc.a(lib_a-strncmp.o)
 .debug_loc     0x000000000000210c      0x349 /home/a-h/x-tools/arm-none-eabi/lib/gcc/arm-none-eabi/4.9.4/../../../../arm-none-eabi/lib/libc.a(lib_a-strtol.o)

.debug_macro    0x0000000000000000     0x5182
 .debug_macro   0x0000000000000000       0xa1 ./libopencm3//lib/libopencm3_stm32f1.a(adc.o)
 .debug_macro   0x00000000000000a1      0x874 ./libopencm3//lib/libopencm3_stm32f1.a(adc.o)
 .debug_macro   0x0000000000000915       0x22 ./libopencm3//lib/libopencm3_stm32f1.a(adc.o)
 .debug_macro   0x0000000000000937       0x44 ./libopencm3//lib/libopencm3_stm32f1.a(adc.o)
 .debug_macro   0x000000000000097b       0x1c ./libopencm3//lib/libopencm3_stm32f1.a(adc.o)
 .debug_macro   0x0000000000000997      0x1f7 ./libopencm3//lib/libopencm3_stm32f1.a(adc.o)
 .debug_macro   0x0000000000000b8e       0x22 ./libopencm3//lib/libopencm3_stm32f1.a(adc.o)
 .debug_macro   0x0000000000000bb0       0xfa ./libopencm3//lib/libopencm3_stm32f1.a(adc.o)
 .debug_macro   0x0000000000000caa       0x58 ./libopencm3//lib/libopencm3_stm32f1.a(adc.o)
 .debug_macro   0x0000000000000d02      0x1b4 ./libopencm3//lib/libopencm3_stm32f1.a(adc.o)
 .debug_macro   0x0000000000000eb6      0x449 ./libopencm3//lib/libopencm3_stm32f1.a(adc.o)
 .debug_macro   0x00000000000012ff      0x456 ./libopencm3//lib/libopencm3_stm32f1.a(adc.o)
 .debug_macro   0x0000000000001755       0xa1 ./libopencm3//lib/libopencm3_stm32f1.a(adc_common_v1.o)
 .debug_macro   0x00000000000017f6       0xa1 ./libopencm3//lib/libopencm3_stm32f1.a(gpio.o)
 .debug_macro   0x0000000000001897       0x76 ./libopencm3//lib/libopencm3_stm32f1.a(gpio.o)
 .debug_macro   0x000000000000190d      0xdfd ./libopencm3//lib/libopencm3_stm32f1.a(gpio.o)
 .debug_macro   0x000000000000270a       0xc8 ./libopencm3//lib/libopencm3_stm32f1.a(rcc.o)
 .debug_macro   0x00000000000027d2       0x16 ./libopencm3//lib/libopencm3_stm32f1.a(rcc.o)
 .debug_macro   0x00000000000027e8      0x82c ./libopencm3//lib/libopencm3_stm32f1.a(rcc.o)
 .debug_macro   0x0000000000003014       0xdc ./libopencm3//lib/libopencm3_stm32f1.a(rcc.o)
 .debug_macro   0x00000000000030f0       0x82 ./libopencm3//lib/libopencm3_stm32f1.a(rcc.o)
 .debug_macro   0x0000000000003172       0xa1 ./libopencm3//lib/libopencm3_stm32f1.a(gpio_common_all.o)
 .debug_macro   0x0000000000003213       0xb4 ./libopencm3//lib/libopencm3_stm32f1.a(timer_common_all.o)
 .debug_macro   0x00000000000032c7      0xf96 ./libopencm3//lib/libopencm3_stm32f1.a(timer_common_all.o)
 .debug_macro   0x000000000000425d       0xc3 ./libopencm3//lib/libopencm3_stm32f1.a(usart_common_all.o)
 .debug_macro   0x0000000000004320       0x94 ./libopencm3//lib/libopencm3_stm32f1.a(usart_common_all.o)
 .debug_macro   0x00000000000043b4      0x29e ./libopencm3//lib/libopencm3_stm32f1.a(usart_common_all.o)
 .debug_macro   0x0000000000004652       0xc3 ./libopencm3//lib/libopencm3_stm32f1.a(usart_common_f124.o)
 .debug_macro   0x0000000000004715       0xb7 ./libopencm3//lib/libopencm3_stm32f1.a(rcc_common_all.o)
 .debug_macro   0x00000000000047cc       0xa1 ./libopencm3//lib/libopencm3_stm32f1.a(flash_common_f01.o)
 .debug_macro   0x000000000000486d       0xb8 ./libopencm3//lib/libopencm3_stm32f1.a(vector.o)
 .debug_macro   0x0000000000004925      0x3a1 ./libopencm3//lib/libopencm3_stm32f1.a(vector.o)
 .debug_macro   0x0000000000004cc6       0x6a ./libopencm3//lib/libopencm3_stm32f1.a(vector.o)
 .debug_macro   0x0000000000004d30      0x1a2 ./libopencm3//lib/libopencm3_stm32f1.a(vector.o)
 .debug_macro   0x0000000000004ed2       0x9c ./libopencm3//lib/libopencm3_stm32f1.a(nvic.o)
 .debug_macro   0x0000000000004f6e       0x64 ./libopencm3//lib/libopencm3_stm32f1.a(nvic.o)
 .debug_macro   0x0000000000004fd2      0x1b0 ./libopencm3//lib/libopencm3_stm32f1.a(nvic.o)
